{
  "version": "1.5.0",
  "plugins_used": [
    {
      "name": "ArtifactoryDetector"
    },
    {
      "name": "AWSKeyDetector"
    },
    {
      "name": "AzureStorageKeyDetector"
    },
    {
      "name": "Base64HighEntropyString",
      "limit": 4.5
    },
    {
      "name": "BasicAuthDetector"
    },
    {
      "name": "CloudantDetector"
    },
    {
      "name": "DiscordBotTokenDetector"
    },
    {
      "name": "GitHubTokenDetector"
    },
    {
      "name": "GitLabTokenDetector"
    },
    {
      "name": "HexHighEntropyString",
      "limit": 3.0
    },
    {
      "name": "IbmCloudIamDetector"
    },
    {
      "name": "IbmCosHmacDetector"
    },
    {
      "name": "IPPublicDetector"
    },
    {
      "name": "JwtTokenDetector"
    },
    {
      "name": "KeywordDetector",
      "keyword_exclude": ""
    },
    {
      "name": "MailchimpDetector"
    },
    {
      "name": "NpmDetector"
    },
    {
      "name": "OpenAIDetector"
    },
    {
      "name": "PrivateKeyDetector"
    },
    {
      "name": "PypiTokenDetector"
    },
    {
      "name": "SendGridDetector"
    },
    {
      "name": "SlackDetector"
    },
    {
      "name": "SoftlayerDetector"
    },
    {
      "name": "SquareOAuthDetector"
    },
    {
      "name": "StripeDetector"
    },
    {
      "name": "TelegramBotTokenDetector"
    },
    {
      "name": "TwilioKeyDetector"
    }
  ],
  "filters_used": [
    {
      "path": "detect_secrets.filters.allowlist.is_line_allowlisted"
    },
    {
      "path": "detect_secrets.filters.common.is_ignored_due_to_verification_policies",
      "min_level": 2
    },
    {
      "path": "detect_secrets.filters.heuristic.is_indirect_reference"
    },
    {
      "path": "detect_secrets.filters.heuristic.is_likely_id_string"
    },
    {
      "path": "detect_secrets.filters.heuristic.is_lock_file"
    },
    {
      "path": "detect_secrets.filters.heuristic.is_not_alphanumeric_string"
    },
    {
      "path": "detect_secrets.filters.heuristic.is_potential_uuid"
    },
    {
      "path": "detect_secrets.filters.heuristic.is_prefixed_with_dollar_sign"
    },
    {
      "path": "detect_secrets.filters.heuristic.is_sequential_string"
    },
    {
      "path": "detect_secrets.filters.heuristic.is_swagger_file"
    },
    {
      "path": "detect_secrets.filters.heuristic.is_templated_secret"
    },
    {
      "path": "detect_secrets.filters.regex.should_exclude_file",
      "pattern": [
        "(?:^|[\\\\/])(?:\\.venv_gui|releases|data|logs|\\.git)(?:[\\\\/]|$)",
        "(?:^|[\\\\/])ajax_terminal[\\\\/]charts[\\\\/]assets(?:[\\\\/]|$)"
      ]
    }
  ],
  "results": {
    "ajax_terminal\\public_client_config.py": [
      {
        "type": "Base64 High Entropy String",
        "filename": "ajax_terminal\\public_client_config.py",
        "hashed_secret": "050deb94c31528af310028c30ca0a1806ba3a9ac",
        "is_verified": false,
        "is_secret": false,
        "line_number": 12
      }
    ],
    "tests\\test_filings_and_export.py": [
      {
        "type": "Base64 High Entropy String",
        "filename": "tests\\test_filings_and_export.py",
        "hashed_secret": "bb6f5ef22890991fbeb41a3047d848cbb4299a19",
        "is_verified": false,
        "is_secret": false,
        "line_number": 248
      }
    ],
    "tests\\test_live_streaming.py": [
      {
        "type": "Base64 High Entropy String",
        "filename": "tests\\test_live_streaming.py",
        "hashed_secret": "de5dfc612a344f8be22b2b0945b246316b2cc223",
        "is_verified": false,
        "is_secret": false,
        "line_number": 126
      }
    ],
    "tests\\test_secure_settings.py": [
      {
        "type": "Secret Keyword",
        "filename": "tests\\test_secure_settings.py",
        "hashed_secret": "ad782ecdac770fc6eb9a62e44f90873fb97fb26b",
        "is_verified": false,
        "is_secret": false,
        "line_number": 19
      },
      {
        "type": "Base64 High Entropy String",
        "filename": "tests\\test_secure_settings.py",
        "hashed_secret": "cd2f713ffb2e47c45e42830bbe10a059788af079",
        "is_verified": false,
        "is_secret": false,
        "line_number": 30
      },
      {
        "type": "Base64 High Entropy String",
        "filename": "tests\\test_secure_settings.py",
        "hashed_secret": "20666cf9c8279bd60ea52bb0938924bea3dfa2bf",
        "is_verified": false,
        "is_secret": false,
        "line_number": 40
      }
    ],
    "tests\\test_url_security.py": [
      {
        "type": "Basic Auth Credentials",
        "filename": "tests\\test_url_security.py",
        "hashed_secret": "5baa61e4c9b93f3f0682250b6cf8331b7ee68fd8",
        "is_verified": false,
        "is_secret": false,
        "line_number": 21
      }
    ]
  },
  "generated_at": "2026-09-30T19:58:45Z"
}
