{
  "version": "1.5.0",
  "plugins_used": [
    {
      "name": "ArtifactoryDetector"
    },
    {
      "name": "AWSKeyDetector"
    },
    {
      "name": "AzureStorageKeyDetector"
    },
    {
      "name": "Base64HighEntropyString",
      "limit": 4.5
    },
    {
      "name": "BasicAuthDetector"
    },
    {
      "name": "CloudantDetector"
    },
    {
      "name": "DiscordBotTokenDetector"
    },
    {
      "name": "GitHubTokenDetector"
    },
    {
      "name": "GitLabTokenDetector"
    },
    {
      "name": "HexHighEntropyString",
      "limit": 3.0
    },
    {
      "name": "IbmCloudIamDetector"
    },
    {
      "name": "IbmCosHmacDetector"
    },
    {
      "name": "IPPublicDetector"
    },
    {
      "name": "JwtTokenDetector"
    },
    {
      "name": "KeywordDetector",
      "keyword_exclude": ""
    },
    {
      "name": "MailchimpDetector"
    },
    {
      "name": "NpmDetector"
    },
    {
      "name": "OpenAIDetector"
    },
    {
      "name": "PrivateKeyDetector"
    },
    {
      "name": "PypiTokenDetector"
    },
    {
      "name": "SendGridDetector"
    },
    {
      "name": "SlackDetector"
    },
    {
      "name": "SoftlayerDetector"
    },
    {
      "name": "SquareOAuthDetector"
    },
    {
      "name": "StripeDetector"
    },
    {
      "name": "TelegramBotTokenDetector"
    },
    {
      "name": "TwilioKeyDetector"
    }
  ],
  "filters_used": [
    {
      "path": "detect_secrets.filters.allowlist.is_line_allowlisted"
    },
    {
      "path": "detect_secrets.filters.common.is_baseline_file",
      "filename": ".secrets.baseline"
    },
    {
      "path": "detect_secrets.filters.common.is_ignored_due_to_verification_policies",
      "min_level": 2
    },
    {
      "path": "detect_secrets.filters.heuristic.is_indirect_reference"
    },
    {
      "path": "detect_secrets.filters.heuristic.is_likely_id_string"
    },
    {
      "path": "detect_secrets.filters.heuristic.is_lock_file"
    },
    {
      "path": "detect_secrets.filters.heuristic.is_not_alphanumeric_string"
    },
    {
      "path": "detect_secrets.filters.heuristic.is_potential_uuid"
    },
    {
      "path": "detect_secrets.filters.heuristic.is_prefixed_with_dollar_sign"
    },
    {
      "path": "detect_secrets.filters.heuristic.is_sequential_string"
    },
    {
      "path": "detect_secrets.filters.heuristic.is_swagger_file"
    },
    {
      "path": "detect_secrets.filters.heuristic.is_templated_secret"
    },
    {
      "path": "detect_secrets.filters.regex.should_exclude_file",
      "pattern": [
        "(?:^|[\\\\/])(?:\\.venv_gui|releases|data|logs|\\.git)(?:[\\\\/]|$)",
        "(?:^|[\\\\/])ajax_terminal[\\\\/]charts[\\\\/]assets(?:[\\\\/]|$)"
      ]
    }
  ],
  "results": {
    "ajax_terminal\\games\\doom\\assets\\manifest.json": [
      {
        "type": "Hex High Entropy String",
        "filename": "ajax_terminal\\games\\doom\\assets\\manifest.json",
        "hashed_secret": "0a8d16627e7e48cdcb861883d64c2bdc70ded86c",
        "is_verified": false,
        "line_number": 1,
        "is_secret": false
      },
      {
        "type": "Hex High Entropy String",
        "filename": "ajax_terminal\\games\\doom\\assets\\manifest.json",
        "hashed_secret": "0e70541bc9d3b9b3252db6df92cedf6b976547a4",
        "is_verified": false,
        "line_number": 1,
        "is_secret": false
      },
      {
        "type": "Hex High Entropy String",
        "filename": "ajax_terminal\\games\\doom\\assets\\manifest.json",
        "hashed_secret": "1098976c937b02a9e1177caaba611e1e9b30fa3e",
        "is_verified": false,
        "line_number": 1,
        "is_secret": false
      },
      {
        "type": "Hex High Entropy String",
        "filename": "ajax_terminal\\games\\doom\\assets\\manifest.json",
        "hashed_secret": "1c1d2987ac7e34704bc03657472f76530075d009",
        "is_verified": false,
        "line_number": 1,
        "is_secret": false
      },
      {
        "type": "Hex High Entropy String",
        "filename": "ajax_terminal\\games\\doom\\assets\\manifest.json",
        "hashed_secret": "216376c8ccef5d67ffb0d489ed74fd2744023682",
        "is_verified": false,
        "line_number": 1,
        "is_secret": false
      },
      {
        "type": "Hex High Entropy String",
        "filename": "ajax_terminal\\games\\doom\\assets\\manifest.json",
        "hashed_secret": "2493f1809b814305248209a26172a741abb96bfc",
        "is_verified": false,
        "line_number": 1,
        "is_secret": false
      },
      {
        "type": "Hex High Entropy String",
        "filename": "ajax_terminal\\games\\doom\\assets\\manifest.json",
        "hashed_secret": "26dc4ab7ba8dcc15c1e59ef5f322a424df5fe253",
        "is_verified": false,
        "line_number": 1,
        "is_secret": false
      },
      {
        "type": "Hex High Entropy String",
        "filename": "ajax_terminal\\games\\doom\\assets\\manifest.json",
        "hashed_secret": "29bfbf3ef7e06c2c7e14d01d625644bcb43905a7",
        "is_verified": false,
        "line_number": 1,
        "is_secret": false
      },
      {
        "type": "Hex High Entropy String",
        "filename": "ajax_terminal\\games\\doom\\assets\\manifest.json",
        "hashed_secret": "34487233b2d7029789062b642b0cd11745accb4b",
        "is_verified": false,
        "line_number": 1,
        "is_secret": false
      },
      {
        "type": "Hex High Entropy String",
        "filename": "ajax_terminal\\games\\doom\\assets\\manifest.json",
        "hashed_secret": "4c3b732d1122916e6997e2f02a1d84585e20603f",
        "is_verified": false,
        "line_number": 1,
        "is_secret": false
      },
      {
        "type": "Hex High Entropy String",
        "filename": "ajax_terminal\\games\\doom\\assets\\manifest.json",
        "hashed_secret": "4d1cc40895fe76ec8a3b3ca36aab315db8df67cf",
        "is_verified": false,
        "line_number": 1,
        "is_secret": false
      },
      {
        "type": "Hex High Entropy String",
        "filename": "ajax_terminal\\games\\doom\\assets\\manifest.json",
        "hashed_secret": "5be3d91a74b1e3a70fa1dee8766b3f4d09d12a36",
        "is_verified": false,
        "line_number": 1,
        "is_secret": false
      },
      {
        "type": "Hex High Entropy String",
        "filename": "ajax_terminal\\games\\doom\\assets\\manifest.json",
        "hashed_secret": "64d4bc4d604b974a04db60f0da057a3df307d006",
        "is_verified": false,
        "line_number": 1,
        "is_secret": false
      },
      {
        "type": "Hex High Entropy String",
        "filename": "ajax_terminal\\games\\doom\\assets\\manifest.json",
        "hashed_secret": "684065719bac5ddc48a70dbeed67112063526071",
        "is_verified": false,
        "line_number": 1,
        "is_secret": false
      },
      {
        "type": "Hex High Entropy String",
        "filename": "ajax_terminal\\games\\doom\\assets\\manifest.json",
        "hashed_secret": "81b50faf8f5ecc262cd64ae6f8768881a43261c7",
        "is_verified": false,
        "line_number": 1,
        "is_secret": false
      },
      {
        "type": "Hex High Entropy String",
        "filename": "ajax_terminal\\games\\doom\\assets\\manifest.json",
        "hashed_secret": "82788dcfba7516dd091a58974fd130183d52814e",
        "is_verified": false,
        "line_number": 1,
        "is_secret": false
      },
      {
        "type": "Hex High Entropy String",
        "filename": "ajax_terminal\\games\\doom\\assets\\manifest.json",
        "hashed_secret": "8646cbb0e8a12a24f45da0218411e8a6cb73c747",
        "is_verified": false,
        "line_number": 1,
        "is_secret": false
      },
      {
        "type": "Hex High Entropy String",
        "filename": "ajax_terminal\\games\\doom\\assets\\manifest.json",
        "hashed_secret": "91da2a1fa5f2340b1b90113c80e5f61ba132c48b",
        "is_verified": false,
        "line_number": 1,
        "is_secret": false
      },
      {
        "type": "Hex High Entropy String",
        "filename": "ajax_terminal\\games\\doom\\assets\\manifest.json",
        "hashed_secret": "91f26866b763a38f2bae9b0a03c5f10c04eb91b7",
        "is_verified": false,
        "line_number": 1,
        "is_secret": false
      },
      {
        "type": "Hex High Entropy String",
        "filename": "ajax_terminal\\games\\doom\\assets\\manifest.json",
        "hashed_secret": "9d4d9996ac141f967ebb9019c1a50be033cc3606",
        "is_verified": false,
        "line_number": 1,
        "is_secret": false
      },
      {
        "type": "Hex High Entropy String",
        "filename": "ajax_terminal\\games\\doom\\assets\\manifest.json",
        "hashed_secret": "9d8ad2f7ad0dff840a42951e05a9024d4bcae3b3",
        "is_verified": false,
        "line_number": 1,
        "is_secret": false
      },
      {
        "type": "Hex High Entropy String",
        "filename": "ajax_terminal\\games\\doom\\assets\\manifest.json",
        "hashed_secret": "a3990b3c5be1dcfcb7b0ab51173c16409ba9df21",
        "is_verified": false,
        "line_number": 1,
        "is_secret": false
      },
      {
        "type": "Hex High Entropy String",
        "filename": "ajax_terminal\\games\\doom\\assets\\manifest.json",
        "hashed_secret": "a63ebc3ee6e9d2ebdccfc6d49321fabab68215af",
        "is_verified": false,
        "line_number": 1,
        "is_secret": false
      },
      {
        "type": "Hex High Entropy String",
        "filename": "ajax_terminal\\games\\doom\\assets\\manifest.json",
        "hashed_secret": "a6b0a433a893b60a90721565d35ecabb8242c3d1",
        "is_verified": false,
        "line_number": 1,
        "is_secret": false
      },
      {
        "type": "Hex High Entropy String",
        "filename": "ajax_terminal\\games\\doom\\assets\\manifest.json",
        "hashed_secret": "ac8bd553d4f235954e199687c820fd757044fa21",
        "is_verified": false,
        "line_number": 1,
        "is_secret": false
      },
      {
        "type": "Hex High Entropy String",
        "filename": "ajax_terminal\\games\\doom\\assets\\manifest.json",
        "hashed_secret": "b1f29728e668e77bc9a1ee3c309478c5e0bf66a2",
        "is_verified": false,
        "line_number": 1,
        "is_secret": false
      },
      {
        "type": "Hex High Entropy String",
        "filename": "ajax_terminal\\games\\doom\\assets\\manifest.json",
        "hashed_secret": "b2d285af385b5c837a49662b055247b981322603",
        "is_verified": false,
        "line_number": 1,
        "is_secret": false
      },
      {
        "type": "Hex High Entropy String",
        "filename": "ajax_terminal\\games\\doom\\assets\\manifest.json",
        "hashed_secret": "b7b68b2d660bd8d796a90118d054175b5e85054d",
        "is_verified": false,
        "line_number": 1,
        "is_secret": false
      },
      {
        "type": "Hex High Entropy String",
        "filename": "ajax_terminal\\games\\doom\\assets\\manifest.json",
        "hashed_secret": "c0b3bf62a5cb2725a1c34eb466acde12920a017e",
        "is_verified": false,
        "line_number": 1,
        "is_secret": false
      },
      {
        "type": "Hex High Entropy String",
        "filename": "ajax_terminal\\games\\doom\\assets\\manifest.json",
        "hashed_secret": "ccee782bcf7dd20f086f6d758fa242fae6d9414f",
        "is_verified": false,
        "line_number": 1,
        "is_secret": false
      },
      {
        "type": "Hex High Entropy String",
        "filename": "ajax_terminal\\games\\doom\\assets\\manifest.json",
        "hashed_secret": "d543b15a622551e12828140f8f2f3ae308feca27",
        "is_verified": false,
        "line_number": 1,
        "is_secret": false
      },
      {
        "type": "Hex High Entropy String",
        "filename": "ajax_terminal\\games\\doom\\assets\\manifest.json",
        "hashed_secret": "f2fe2f3698cbfac06b9c708d2cd160fd87ffd7d2",
        "is_verified": false,
        "line_number": 1,
        "is_secret": false
      },
      {
        "type": "Hex High Entropy String",
        "filename": "ajax_terminal\\games\\doom\\assets\\manifest.json",
        "hashed_secret": "f9d51a2e69647dd7dd651b14bbcb27acfa0e5e81",
        "is_verified": false,
        "line_number": 1,
        "is_secret": false
      },
      {
        "type": "Hex High Entropy String",
        "filename": "ajax_terminal\\games\\doom\\assets\\manifest.json",
        "hashed_secret": "fdbf800e36aade366bd19e830809d9806143148e",
        "is_verified": false,
        "line_number": 1,
        "is_secret": false
      }
    ],
    "ajax_terminal\\public_client_config.py": [
      {
        "type": "Base64 High Entropy String",
        "filename": "ajax_terminal\\public_client_config.py",
        "hashed_secret": "050deb94c31528af310028c30ca0a1806ba3a9ac",
        "is_verified": false,
        "line_number": 12,
        "is_secret": false
      }
    ],
    "tests\\test_filings_and_export.py": [
      {
        "type": "Base64 High Entropy String",
        "filename": "tests\\test_filings_and_export.py",
        "hashed_secret": "bb6f5ef22890991fbeb41a3047d848cbb4299a19",
        "is_verified": false,
        "line_number": 248,
        "is_secret": false
      }
    ],
    "tests\\test_live_streaming.py": [
      {
        "type": "Base64 High Entropy String",
        "filename": "tests\\test_live_streaming.py",
        "hashed_secret": "de5dfc612a344f8be22b2b0945b246316b2cc223",
        "is_verified": false,
        "line_number": 126,
        "is_secret": false
      }
    ],
    "tests\\test_secure_settings.py": [
      {
        "type": "Secret Keyword",
        "filename": "tests\\test_secure_settings.py",
        "hashed_secret": "ad782ecdac770fc6eb9a62e44f90873fb97fb26b",
        "is_verified": false,
        "line_number": 21,
        "is_secret": false
      },
      {
        "type": "Base64 High Entropy String",
        "filename": "tests\\test_secure_settings.py",
        "hashed_secret": "cd2f713ffb2e47c45e42830bbe10a059788af079",
        "is_verified": false,
        "line_number": 32,
        "is_secret": false
      },
      {
        "type": "Base64 High Entropy String",
        "filename": "tests\\test_secure_settings.py",
        "hashed_secret": "20666cf9c8279bd60ea52bb0938924bea3dfa2bf",
        "is_verified": false,
        "line_number": 42,
        "is_secret": false
      }
    ],
    "tests\\test_url_security.py": [
      {
        "type": "Basic Auth Credentials",
        "filename": "tests\\test_url_security.py",
        "hashed_secret": "5baa61e4c9b93f3f0682250b6cf8331b7ee68fd8",
        "is_verified": false,
        "line_number": 21,
        "is_secret": false
      }
    ]
  },
  "generated_at": "2026-10-02T16:35:56Z"
}
